#
# There is insufficient memory for the Java Runtime Environment to continue.
# Native memory allocation (mmap) failed to map 266338304 bytes for G1 virtual space
# Possible reasons:
#   The system is out of physical RAM or swap space
#   The process is running with CompressedOops enabled, and the Java Heap may be blocking the growth of the native heap
# Possible solutions:
#   Reduce memory load on the system
#   Increase physical memory or swap space
#   Check if swap backing store is full
#   Decrease Java heap size (-Xmx/-Xms)
#   Decrease number of Java threads
#   Decrease Java thread stack sizes (-Xss)
#   Set larger code cache with -XX:ReservedCodeCacheSize=
#   JVM is running with Zero Based Compressed Oops mode in which the Java heap is
#     placed in the first 32GB address space. The Java Heap base address is the
#     maximum limit for the native heap growth. Please use -XX:HeapBaseMinAddress
#     to set the Java Heap base and to place the Java Heap above 32GB virtual address.
# This output file may be truncated or incomplete.
#
#  Out of Memory Error (os_windows.cpp:3548), pid=45328, tid=86064
#
# JRE version:  (17.0.11+7) (build )
# Java VM: Java HotSpot(TM) 64-Bit Server VM (17.0.11+7-LTS-207, mixed mode, sharing, tiered, compressed oops, compressed class ptrs, g1 gc, windows-amd64)
# No core dump will be written. Minidumps are not enabled by default on client versions of Windows
#

---------------  S U M M A R Y ------------

Command Line: -Dnet.bytebuddy.agent.attacher.dump= net.bytebuddy.agent.Attacher com.sun.tools.attach.VirtualMachine 39900 C:\Users\Thinkpad\.m2\repository\net\bytebuddy\byte-buddy-agent\1.14.19\byte-buddy-agent-1.14.19.jar false 

Host: Intel(R) Core(TM) i7-8650U CPU @ 1.90GHz, 8 cores, 15G,  Windows 11 , 64 bit Build 22621 (10.0.22621.3958)
Time: Mon Nov 18 01:54:14 2024 SE Asia Standard Time elapsed time: 0.017953 seconds (0d 0h 0m 0s)

---------------  T H R E A D  ---------------

Current thread (0x0000024393ce43f0):  JavaThread "Unknown thread" [_thread_in_vm, id=86064, stack(0x000000a03e100000,0x000000a03e200000)]

Stack: [0x000000a03e100000,0x000000a03e200000]
Native frames: (J=compiled Java code, j=interpreted, Vv=VM code, C=native code)
V  [jvm.dll+0x679cca]
V  [jvm.dll+0x7da13d]
V  [jvm.dll+0x7dba83]
V  [jvm.dll+0x7dc0f3]
V  [jvm.dll+0x2449af]
V  [jvm.dll+0x676ce9]
V  [jvm.dll+0x66b852]
V  [jvm.dll+0x3018d6]
V  [jvm.dll+0x308e76]
V  [jvm.dll+0x3596ee]
V  [jvm.dll+0x35991f]
V  [jvm.dll+0x2d89a8]
V  [jvm.dll+0x2d9914]
V  [jvm.dll+0x7ac6b1]
V  [jvm.dll+0x366f61]
V  [jvm.dll+0x78b609]
V  [jvm.dll+0x3ec22f]
V  [jvm.dll+0x3ede61]
C  [jli.dll+0x5297]
C  [ucrtbase.dll+0x29333]
C  [KERNEL32.DLL+0x1257d]
C  [ntdll.dll+0x5af08]


---------------  P R O C E S S  ---------------

Threads class SMR info:
_java_thread_list=0x00007fffd7ac7a18, length=0, elements={
}

Java Threads: ( => current thread )

Other Threads:
  0x0000024393d52370 GCTaskThread "GC Thread#0" [stack: 0x000000a03e200000,0x000000a03e300000] [id=103612]
  0x0000024393d63040 ConcurrentGCThread "G1 Main Marker" [stack: 0x000000a03e300000,0x000000a03e400000] [id=3756]
  0x0000024393d641f0 ConcurrentGCThread "G1 Conc#0" [stack: 0x000000a03e400000,0x000000a03e500000] [id=195444]

[error occurred during error reporting (printing all threads), id 0xc0000005, EXCEPTION_ACCESS_VIOLATION (0xc0000005) at pc=0x00007fffd72f9497]

VM state: not at safepoint (not fully initialized)

VM Mutex/Monitor currently owned by a thread:  ([mutex/lock_event])
[0x0000024393ce1500] Heap_lock - owner thread: 0x0000024393ce43f0

Heap address: 0x0000000702800000, size: 4056 MB, Compressed Oops mode: Zero based, Oop shift amount: 3

CDS archive(s) mapped at: [0x0000000000000000-0x0000000000000000-0x0000000000000000), size 0, SharedBaseAddress: 0x0000000800000000, ArchiveRelocationMode: 1.
Narrow klass base: 0x0000000000000000, Narrow klass shift: 0, Narrow klass range: 0x0

GC Precious Log:
<Empty>

Heap:
 garbage-first heap   total 0K, used 0K [0x0000000702800000, 0x0000000800000000)
  region size 2048K, 0 young (0K), 0 survivors (0K)

[error occurred during error reporting (printing heap information), id 0xc0000005, EXCEPTION_ACCESS_VIOLATION (0xc0000005) at pc=0x00007fffd76e3559]

GC Heap History (0 events):
No events

Deoptimization events (0 events):
No events

Classes unloaded (0 events):
No events

Classes redefined (0 events):
No events

Internal exceptions (0 events):
No events

VM Operations (0 events):
No events

Events (1 events):
Event: 0.014 Loaded shared library C:\Program Files\Java\jdk-17\bin\java.dll


Dynamic libraries:
0x00007ff68c380000 - 0x00007ff68c390000 	C:\Program Files\Java\jdk-17\bin\java.exe
0x00007ff830bf0000 - 0x00007ff830e07000 	C:\WINDOWS\SYSTEM32\ntdll.dll
0x00007ff830190000 - 0x00007ff830254000 	C:\WINDOWS\System32\KERNEL32.DLL
0x00007ff82e070000 - 0x00007ff82e427000 	C:\WINDOWS\System32\KERNELBASE.dll
0x00007ff82e740000 - 0x00007ff82e851000 	C:\WINDOWS\System32\ucrtbase.dll
0x00007ff828090000 - 0x00007ff8280a9000 	C:\Program Files\Java\jdk-17\bin\jli.dll
0x00007ff821e20000 - 0x00007ff821e3b000 	C:\Program Files\Java\jdk-17\bin\VCRUNTIME140.dll
0x00007ff82eed0000 - 0x00007ff82ef82000 	C:\WINDOWS\System32\ADVAPI32.dll
0x00007ff830050000 - 0x00007ff8300f7000 	C:\WINDOWS\System32\msvcrt.dll
0x00007ff82fde0000 - 0x00007ff82fe88000 	C:\WINDOWS\System32\sechost.dll
0x00007ff82e040000 - 0x00007ff82e068000 	C:\WINDOWS\System32\bcrypt.dll
0x00007ff82e920000 - 0x00007ff82ea34000 	C:\WINDOWS\System32\RPCRT4.dll
0x00007ff830a00000 - 0x00007ff830baf000 	C:\WINDOWS\System32\USER32.dll
0x00007ff814020000 - 0x00007ff8142b3000 	C:\WINDOWS\WinSxS\amd64_microsoft.windows.common-controls_6595b64144ccf1df_6.0.22621.3672_none_2713b9d173822955\COMCTL32.dll
0x00007ff82df00000 - 0x00007ff82df26000 	C:\WINDOWS\System32\win32u.dll
0x00007ff82f140000 - 0x00007ff82f169000 	C:\WINDOWS\System32\GDI32.dll
0x00007ff82e430000 - 0x00007ff82e548000 	C:\WINDOWS\System32\gdi32full.dll
0x00007ff82dfa0000 - 0x00007ff82e03a000 	C:\WINDOWS\System32\msvcp_win.dll
0x00007ff828440000 - 0x00007ff82844a000 	C:\WINDOWS\SYSTEM32\VERSION.dll
0x00007ff82fbe0000 - 0x00007ff82fc11000 	C:\WINDOWS\System32\IMM32.DLL
0x00007ff828b30000 - 0x00007ff828b3c000 	C:\Program Files\Java\jdk-17\bin\vcruntime140_1.dll
0x00007ff8007e0000 - 0x00007ff80086e000 	C:\Program Files\Java\jdk-17\bin\msvcp140.dll
0x00007fffd7010000 - 0x00007fffd7bf0000 	C:\Program Files\Java\jdk-17\bin\server\jvm.dll
0x00007ff830310000 - 0x00007ff830318000 	C:\WINDOWS\System32\PSAPI.DLL
0x00007ff827650000 - 0x00007ff827684000 	C:\WINDOWS\SYSTEM32\WINMM.dll
0x00007ff80e120000 - 0x00007ff80e129000 	C:\WINDOWS\SYSTEM32\WSOCK32.dll
0x00007ff82edf0000 - 0x00007ff82ee61000 	C:\WINDOWS\System32\WS2_32.dll
0x00007ff82d000000 - 0x00007ff82d018000 	C:\WINDOWS\SYSTEM32\kernel.appcore.dll
0x00007ff828b10000 - 0x00007ff828b1a000 	C:\Program Files\Java\jdk-17\bin\jimage.dll
0x00007ff82b8a0000 - 0x00007ff82bad2000 	C:\WINDOWS\SYSTEM32\DBGHELP.DLL
0x00007ff82ea40000 - 0x00007ff82edce000 	C:\WINDOWS\System32\combase.dll
0x00007ff82fe90000 - 0x00007ff82ff67000 	C:\WINDOWS\System32\OLEAUT32.dll
0x00007ff81cac0000 - 0x00007ff81caf2000 	C:\WINDOWS\SYSTEM32\dbgcore.DLL
0x00007ff82e6c0000 - 0x00007ff82e73b000 	C:\WINDOWS\System32\bcryptPrimitives.dll
0x00007ff821db0000 - 0x00007ff821dd5000 	C:\Program Files\Java\jdk-17\bin\java.dll

dbghelp: loaded successfully - version: 4.0.5 - missing functions: none
symbol engine: initialized successfully - sym options: 0x614 - pdb path: .;C:\Program Files\Java\jdk-17\bin;C:\WINDOWS\SYSTEM32;C:\WINDOWS\WinSxS\amd64_microsoft.windows.common-controls_6595b64144ccf1df_6.0.22621.3672_none_2713b9d173822955;C:\Program Files\Java\jdk-17\bin\server

VM Arguments:
jvm_args: -Dnet.bytebuddy.agent.attacher.dump= 
java_command: net.bytebuddy.agent.Attacher com.sun.tools.attach.VirtualMachine 39900 C:\Users\Thinkpad\.m2\repository\net\bytebuddy\byte-buddy-agent\1.14.19\byte-buddy-agent-1.14.19.jar false 
java_class_path (initial): C:\Users\Thinkpad\.m2\repository\net\bytebuddy\byte-buddy-agent\1.14.19\byte-buddy-agent-1.14.19.jar
Launcher Type: SUN_STANDARD

[Global flags]
     intx CICompilerCount                          = 4                                         {product} {ergonomic}
     uint ConcGCThreads                            = 2                                         {product} {ergonomic}
     uint G1ConcRefinementThreads                  = 8                                         {product} {ergonomic}
   size_t G1HeapRegionSize                         = 2097152                                   {product} {ergonomic}
    uintx GCDrainStackTargetSize                   = 64                                        {product} {ergonomic}
   size_t InitialHeapSize                          = 266338304                                 {product} {ergonomic}
   size_t MarkStackSize                            = 4194304                                   {product} {ergonomic}
   size_t MaxHeapSize                              = 4253024256                                {product} {ergonomic}
   size_t MinHeapDeltaBytes                        = 2097152                                   {product} {ergonomic}
   size_t MinHeapSize                              = 8388608                                   {product} {ergonomic}
    uintx NonNMethodCodeHeapSize                   = 5839372                                {pd product} {ergonomic}
    uintx NonProfiledCodeHeapSize                  = 122909434                              {pd product} {ergonomic}
    uintx ProfiledCodeHeapSize                     = 122909434                              {pd product} {ergonomic}
    uintx ReservedCodeCacheSize                    = 251658240                              {pd product} {ergonomic}
     bool SegmentedCodeCache                       = true                                      {product} {ergonomic}
   size_t SoftMaxHeapSize                          = 4253024256                             {manageable} {ergonomic}
     bool UseCompressedClassPointers               = true                           {product lp64_product} {ergonomic}
     bool UseCompressedOops                        = true                           {product lp64_product} {ergonomic}
     bool UseG1GC                                  = true                                      {product} {ergonomic}
     bool UseLargePagesIndividualAllocation        = false                                  {pd product} {ergonomic}

Logging:
Log output configuration:
 #0: stdout all=warning uptime,level,tags
 #1: stderr all=off uptime,level,tags

Environment Variables:
JAVA_HOME=C:\Program Files\Java\jdk-17
PATH=C:\Program Files\Java\jdk-17\bin;C:\Python312\Scripts\;C:\Python312\;C:\Program Files (x86)\VMware\VMware Workstation\bin\;C:\WINDOWS\system32;C:\WINDOWS;C:\WINDOWS\System32\Wbem;C:\WINDOWS\System32\WindowsPowerShell\v1.0\;C:\WINDOWS\System32\OpenSSH\;C:\Program Files\Intel\WiFi\bin\;C:\Program Files\Common Files\Intel\WirelessCommon\;C:\Program Files\Git\cmd;C:\Program Files\Cloudflare\Cloudflare WARP\;C:\Program Files\MongoDB\Server\7.0\bin;C:\ProgramData\chocolatey\bin;D:\Compressed\apache-maven-3.8.8-bin\apache-maven-3.8.8\bin;C:\Program Files\Docker\Docker\resources\bin;C:\Program Files\nodejs\;C:\Users\Thinkpad\AppData\Local\Microsoft\WindowsApps;C:\Users\Thinkpad\AppData\Local\Programs\Microsoft VS Code\bin;C:\Users\Thinkpad\AppData\Local\GitHubDesktop\bin;C:\Program Files\Tesseract-OCR;C:\Program Files\CMake;C:\Users\Thinkpad\AppData\Roaming\npm
USERNAME=Thinkpad
OS=Windows_NT
PROCESSOR_IDENTIFIER=Intel64 Family 6 Model 142 Stepping 10, GenuineIntel



---------------  S Y S T E M  ---------------

OS:
 Windows 11 , 64 bit Build 22621 (10.0.22621.3958)
OS uptime: 25 days 13:04 hours
Hyper-V role detected

CPU: total 8 (initial active 8) (4 cores per cpu, 2 threads per core) family 6 model 142 stepping 10 microcode 0xe0, cx8, cmov, fxsr, ht, mmx, 3dnowpref, sse, sse2, sse3, ssse3, sse4.1, sse4.2, popcnt, lzcnt, tsc, tscinvbit, avx, avx2, aes, erms, clmul, bmi1, bmi2, rtm, adx, fma, vzeroupper, clflush, clflushopt, hv

Memory: 4k page, system-wide physical 16217M (296M free)
TotalPageFile size 34642M (AvailPageFile size 44M)
current process WorkingSet (physical memory assigned to process): 11M, peak: 11M
current process commit charge ("private bytes"): 60M, peak: 314M

vm_info: Java HotSpot(TM) 64-Bit Server VM (17.0.11+7-LTS-207) for windows-amd64 JRE (17.0.11+7-LTS-207), built on Mar 11 2024 19:01:50 by "mach5one" with MS VC++ 17.6 (VS2022)

END.
