#
# There is insufficient memory for the Java Runtime Environment to continue.
# Native memory allocation (malloc) failed to allocate 1592816 bytes for Chunk::new
# Possible reasons:
#   The system is out of physical RAM or swap space
#   The process is running with CompressedOops enabled, and the Java Heap may be blocking the growth of the native heap
# Possible solutions:
#   Reduce memory load on the system
#   Increase physical memory or swap space
#   Check if swap backing store is full
#   Decrease Java heap size (-Xmx/-Xms)
#   Decrease number of Java threads
#   Decrease Java thread stack sizes (-Xss)
#   Set larger code cache with -XX:ReservedCodeCacheSize=
#   JVM is running with Zero Based Compressed Oops mode in which the Java heap is
#     placed in the first 32GB address space. The Java Heap base address is the
#     maximum limit for the native heap growth. Please use -XX:HeapBaseMinAddress
#     to set the Java Heap base and to place the Java Heap above 32GB virtual address.
# This output file may be truncated or incomplete.
#
#  Out of Memory Error (arena.cpp:189), pid=25268, tid=217032
#
# JRE version: Java(TM) SE Runtime Environment (17.0.11+7) (build 17.0.11+7-LTS-207)
# Java VM: Java HotSpot(TM) 64-Bit Server VM (17.0.11+7-LTS-207, mixed mode, sharing, tiered, compressed oops, compressed class ptrs, g1 gc, windows-amd64)
# No core dump will be written. Minidumps are not enabled by default on client versions of Windows
#

---------------  S U M M A R Y ------------

Command Line: C:\Users\Thinkpad\AppData\Local\Temp\surefire5318493136930307391\surefirebooter-20241118015451363_3.jar C:\Users\Thinkpad\AppData\Local\Temp\surefire5318493136930307391 2024-11-18T01-54-51_026-jvmRun1 surefire-20241118015451363_1tmp surefire_0-20241118015451363_2tmp

Host: Intel(R) Core(TM) i7-8650U CPU @ 1.90GHz, 8 cores, 15G,  Windows 11 , 64 bit Build 22621 (10.0.22621.3958)
Time: Mon Nov 18 01:54:53 2024 SE Asia Standard Time elapsed time: 1.696917 seconds (0d 0h 0m 1s)

---------------  T H R E A D  ---------------

Current thread (0x00000222bef49fc0):  JavaThread "C2 CompilerThread0" daemon [_thread_in_native, id=217032, stack(0x000000ff0b800000,0x000000ff0b900000)]


Current CompileTask:
C2:   1696 1609       4       jdk.internal.loader.URLClassPath::getResource (74 bytes)

Stack: [0x000000ff0b800000,0x000000ff0b900000]
Native frames: (J=compiled Java code, j=interpreted, Vv=VM code, C=native code)
V  [jvm.dll+0x679cca]
V  [jvm.dll+0x7da13d]
V  [jvm.dll+0x7dba83]
V  [jvm.dll+0x7dc0f3]
V  [jvm.dll+0x2449af]
V  [jvm.dll+0xab83b]
V  [jvm.dll+0xabe1c]
V  [jvm.dll+0x3615ae]
V  [jvm.dll+0x1b9fca]
V  [jvm.dll+0x216337]
V  [jvm.dll+0x21560f]
V  [jvm.dll+0x1a2040]
V  [jvm.dll+0x225a2b]
V  [jvm.dll+0x223bcb]
V  [jvm.dll+0x7903ec]
V  [jvm.dll+0x78a85a]
V  [jvm.dll+0x678bb5]
C  [ucrtbase.dll+0x29333]
C  [KERNEL32.DLL+0x1257d]
C  [ntdll.dll+0x5af08]


---------------  P R O C E S S  ---------------

Threads class SMR info:
_java_thread_list=0x0000022304915160, length=15, elements={
0x000002229a2825f0, 0x00000222bef27b40, 0x00000222bef287c0, 0x00000222bef43fe0,
0x00000222bef449a0, 0x00000222bef45360, 0x00000222bef45d20, 0x00000222bef49fc0,
0x00000222bef4b990, 0x00000222bef4e6a0, 0x00000223042291f0, 0x000002230422ab40,
0x00000223042287d0, 0x0000022304228ce0, 0x00000223045d6fe0
}

Java Threads: ( => current thread )
  0x000002229a2825f0 JavaThread "main" [_thread_in_vm, id=14308, stack(0x000000ff0ab00000,0x000000ff0ac00000)]
  0x00000222bef27b40 JavaThread "Reference Handler" daemon [_thread_blocked, id=115188, stack(0x000000ff0b200000,0x000000ff0b300000)]
  0x00000222bef287c0 JavaThread "Finalizer" daemon [_thread_blocked, id=104264, stack(0x000000ff0b300000,0x000000ff0b400000)]
  0x00000222bef43fe0 JavaThread "Signal Dispatcher" daemon [_thread_blocked, id=69136, stack(0x000000ff0b400000,0x000000ff0b500000)]
  0x00000222bef449a0 JavaThread "Attach Listener" daemon [_thread_blocked, id=146820, stack(0x000000ff0b500000,0x000000ff0b600000)]
  0x00000222bef45360 JavaThread "Service Thread" daemon [_thread_blocked, id=200124, stack(0x000000ff0b600000,0x000000ff0b700000)]
  0x00000222bef45d20 JavaThread "Monitor Deflation Thread" daemon [_thread_blocked, id=116572, stack(0x000000ff0b700000,0x000000ff0b800000)]
=>0x00000222bef49fc0 JavaThread "C2 CompilerThread0" daemon [_thread_in_native, id=217032, stack(0x000000ff0b800000,0x000000ff0b900000)]
  0x00000222bef4b990 JavaThread "C1 CompilerThread0" daemon [_thread_in_vm, id=137540, stack(0x000000ff0b900000,0x000000ff0ba00000)]
  0x00000222bef4e6a0 JavaThread "Sweeper thread" daemon [_thread_blocked, id=82584, stack(0x000000ff0ba00000,0x000000ff0bb00000)]
  0x00000223042291f0 JavaThread "Notification Thread" daemon [_thread_blocked, id=109096, stack(0x000000ff0bb00000,0x000000ff0bc00000)]
  0x000002230422ab40 JavaThread "Common-Cleaner" daemon [_thread_blocked, id=169852, stack(0x000000ff0bd00000,0x000000ff0be00000)]
  0x00000223042287d0 JavaThread "surefire-forkedjvm-stream-flusher" daemon [_thread_blocked, id=59628, stack(0x000000ff0be00000,0x000000ff0bf00000)]
  0x0000022304228ce0 JavaThread "surefire-forkedjvm-command-thread" daemon [_thread_in_native, id=134508, stack(0x000000ff0bf00000,0x000000ff0c000000)]
  0x00000223045d6fe0 JavaThread "C2 CompilerThread1" daemon [_thread_in_native, id=153636, stack(0x000000ff0c000000,0x000000ff0c100000)]

Other Threads:
  0x00000222bef22890 VMThread "VM Thread" [stack: 0x000000ff0b100000,0x000000ff0b200000] [id=186772]
  0x000002229a309530 WatcherThread [stack: 0x000000ff0bc00000,0x000000ff0bd00000] [id=12644]
  0x000002229a2f1950 GCTaskThread "GC Thread#0" [stack: 0x000000ff0ac00000,0x000000ff0ad00000] [id=63372]
  0x0000022305103550 GCTaskThread "GC Thread#1" [stack: 0x000000ff0c100000,0x000000ff0c200000] [id=125016]
  0x00000223051f6dd0 GCTaskThread "GC Thread#2" [stack: 0x000000ff0c200000,0x000000ff0c300000] [id=75656]
  0x00000223052c9140 GCTaskThread "GC Thread#3" [stack: 0x000000ff0c300000,0x000000ff0c400000] [id=57152]
  0x00000223052c9400 GCTaskThread "GC Thread#4" [stack: 0x000000ff0c400000,0x000000ff0c500000] [id=104612]
  0x0000022305155a50 GCTaskThread "GC Thread#5" [stack: 0x000000ff0c500000,0x000000ff0c600000] [id=135316]
  0x0000022304d973b0 GCTaskThread "GC Thread#6" [stack: 0x000000ff0c600000,0x000000ff0c700000] [id=69740]
  0x0000022305a41c70 GCTaskThread "GC Thread#7" [stack: 0x000000ff0c700000,0x000000ff0c800000] [id=78676]
  0x000002229a302520 ConcurrentGCThread "G1 Main Marker" [stack: 0x000000ff0ad00000,0x000000ff0ae00000] [id=90984]
  0x000002229a3035d0 ConcurrentGCThread "G1 Conc#0" [stack: 0x000000ff0ae00000,0x000000ff0af00000] [id=219932]
  0x000002229a34eae0 ConcurrentGCThread "G1 Refine#0" [stack: 0x000000ff0af00000,0x000000ff0b000000] [id=159020]
  0x00000222beddc670 ConcurrentGCThread "G1 Service" [stack: 0x000000ff0b000000,0x000000ff0b100000] [id=159104]

Threads with active compile tasks:
C2 CompilerThread0     1732 1609       4       jdk.internal.loader.URLClassPath::getResource (74 bytes)
C1 CompilerThread0     1732 1778       3       java.lang.AbstractStringBuilder::charAt (36 bytes)
C2 CompilerThread1     1732 1565       4       jdk.internal.org.objectweb.asm.Frame::execute (2305 bytes)

VM state: not at safepoint (normal execution)

VM Mutex/Monitor currently owned by a thread: None

Heap address: 0x0000000702800000, size: 4056 MB, Compressed Oops mode: Zero based, Oop shift amount: 3

CDS archive(s) mapped at: [0x00000222bf000000-0x00000222bfbd0000-0x00000222bfbd0000), size 12386304, SharedBaseAddress: 0x00000222bf000000, ArchiveRelocationMode: 1.
Compressed class space mapped at: 0x00000222c0000000-0x0000022300000000, reserved size: 1073741824
Narrow klass base: 0x00000222bf000000, Narrow klass shift: 0, Narrow klass range: 0x100000000

GC Precious Log:
 CPUs: 8 total, 8 available
 Memory: 16217M
 Large Page Support: Disabled
 NUMA Support: Disabled
 Compressed Oops: Enabled (Zero based)
 Heap Region Size: 2M
 Heap Min Capacity: 8M
 Heap Initial Capacity: 254M
 Heap Max Capacity: 4056M
 Pre-touch: Disabled
 Parallel Workers: 8
 Concurrent Workers: 2
 Concurrent Refinement Workers: 8
 Periodic GC: Disabled

Heap:
 garbage-first heap   total 260096K, used 20372K [0x0000000702800000, 0x0000000800000000)
  region size 2048K, 7 young (14336K), 1 survivors (2048K)
 Metaspace       used 12289K, committed 12544K, reserved 1114112K
  class space    used 1601K, committed 1728K, reserved 1048576K

Heap Regions: E=young(eden), S=young(survivor), O=old, HS=humongous(starts), HC=humongous(continues), CS=collection set, F=free, OA=open archive, CA=closed archive, TAMS=top-at-mark-start (previous, next)
|   0|0x0000000702800000, 0x0000000702a00000, 0x0000000702a00000|100%| O|  |TAMS 0x0000000702800000, 0x0000000702800000| Untracked 
|   1|0x0000000702a00000, 0x0000000702c00000, 0x0000000702c00000|100%| O|  |TAMS 0x0000000702a00000, 0x0000000702a00000| Untracked 
|   2|0x0000000702c00000, 0x0000000702e00000, 0x0000000702e00000|100%| O|  |TAMS 0x0000000702c00000, 0x0000000702c00000| Untracked 
|   3|0x0000000702e00000, 0x0000000703000000, 0x0000000703000000|100%| O|  |TAMS 0x0000000702e00000, 0x0000000702e00000| Untracked 
|   4|0x0000000703000000, 0x000000070303b400, 0x0000000703200000| 11%| O|  |TAMS 0x0000000703000000, 0x0000000703000000| Untracked 
|   5|0x0000000703200000, 0x0000000703200000, 0x0000000703400000|  0%| F|  |TAMS 0x0000000703200000, 0x0000000703200000| Untracked 
|   6|0x0000000703400000, 0x0000000703400000, 0x0000000703600000|  0%| F|  |TAMS 0x0000000703400000, 0x0000000703400000| Untracked 
|   7|0x0000000703600000, 0x0000000703600000, 0x0000000703800000|  0%| F|  |TAMS 0x0000000703600000, 0x0000000703600000| Untracked 
|   8|0x0000000703800000, 0x0000000703800000, 0x0000000703a00000|  0%| F|  |TAMS 0x0000000703800000, 0x0000000703800000| Untracked 
|   9|0x0000000703a00000, 0x0000000703a00000, 0x0000000703c00000|  0%| F|  |TAMS 0x0000000703a00000, 0x0000000703a00000| Untracked 
|  10|0x0000000703c00000, 0x0000000703c00000, 0x0000000703e00000|  0%| F|  |TAMS 0x0000000703c00000, 0x0000000703c00000| Untracked 
|  11|0x0000000703e00000, 0x0000000703e00000, 0x0000000704000000|  0%| F|  |TAMS 0x0000000703e00000, 0x0000000703e00000| Untracked 
|  12|0x0000000704000000, 0x0000000704000000, 0x0000000704200000|  0%| F|  |TAMS 0x0000000704000000, 0x0000000704000000| Untracked 
|  13|0x0000000704200000, 0x0000000704200000, 0x0000000704400000|  0%| F|  |TAMS 0x0000000704200000, 0x0000000704200000| Untracked 
|  14|0x0000000704400000, 0x0000000704400000, 0x0000000704600000|  0%| F|  |TAMS 0x0000000704400000, 0x0000000704400000| Untracked 
|  15|0x0000000704600000, 0x0000000704600000, 0x0000000704800000|  0%| F|  |TAMS 0x0000000704600000, 0x0000000704600000| Untracked 
|  16|0x0000000704800000, 0x0000000704800000, 0x0000000704a00000|  0%| F|  |TAMS 0x0000000704800000, 0x0000000704800000| Untracked 
|  17|0x0000000704a00000, 0x0000000704a00000, 0x0000000704c00000|  0%| F|  |TAMS 0x0000000704a00000, 0x0000000704a00000| Untracked 
|  18|0x0000000704c00000, 0x0000000704c00000, 0x0000000704e00000|  0%| F|  |TAMS 0x0000000704c00000, 0x0000000704c00000| Untracked 
|  19|0x0000000704e00000, 0x0000000704e00000, 0x0000000705000000|  0%| F|  |TAMS 0x0000000704e00000, 0x0000000704e00000| Untracked 
|  20|0x0000000705000000, 0x0000000705000000, 0x0000000705200000|  0%| F|  |TAMS 0x0000000705000000, 0x0000000705000000| Untracked 
|  21|0x0000000705200000, 0x0000000705200000, 0x0000000705400000|  0%| F|  |TAMS 0x0000000705200000, 0x0000000705200000| Untracked 
|  22|0x0000000705400000, 0x0000000705400000, 0x0000000705600000|  0%| F|  |TAMS 0x0000000705400000, 0x0000000705400000| Untracked 
|  23|0x0000000705600000, 0x0000000705600000, 0x0000000705800000|  0%| F|  |TAMS 0x0000000705600000, 0x0000000705600000| Untracked 
|  24|0x0000000705800000, 0x0000000705800000, 0x0000000705a00000|  0%| F|  |TAMS 0x0000000705800000, 0x0000000705800000| Untracked 
|  25|0x0000000705a00000, 0x0000000705a00000, 0x0000000705c00000|  0%| F|  |TAMS 0x0000000705a00000, 0x0000000705a00000| Untracked 
|  26|0x0000000705c00000, 0x0000000705c00000, 0x0000000705e00000|  0%| F|  |TAMS 0x0000000705c00000, 0x0000000705c00000| Untracked 
|  27|0x0000000705e00000, 0x0000000705e00000, 0x0000000706000000|  0%| F|  |TAMS 0x0000000705e00000, 0x0000000705e00000| Untracked 
|  28|0x0000000706000000, 0x0000000706000000, 0x0000000706200000|  0%| F|  |TAMS 0x0000000706000000, 0x0000000706000000| Untracked 
|  29|0x0000000706200000, 0x0000000706200000, 0x0000000706400000|  0%| F|  |TAMS 0x0000000706200000, 0x0000000706200000| Untracked 
|  30|0x0000000706400000, 0x0000000706400000, 0x0000000706600000|  0%| F|  |TAMS 0x0000000706400000, 0x0000000706400000| Untracked 
|  31|0x0000000706600000, 0x0000000706600000, 0x0000000706800000|  0%| F|  |TAMS 0x0000000706600000, 0x0000000706600000| Untracked 
|  32|0x0000000706800000, 0x0000000706800000, 0x0000000706a00000|  0%| F|  |TAMS 0x0000000706800000, 0x0000000706800000| Untracked 
|  33|0x0000000706a00000, 0x0000000706a00000, 0x0000000706c00000|  0%| F|  |TAMS 0x0000000706a00000, 0x0000000706a00000| Untracked 
|  34|0x0000000706c00000, 0x0000000706c00000, 0x0000000706e00000|  0%| F|  |TAMS 0x0000000706c00000, 0x0000000706c00000| Untracked 
|  35|0x0000000706e00000, 0x0000000706e00000, 0x0000000707000000|  0%| F|  |TAMS 0x0000000706e00000, 0x0000000706e00000| Untracked 
|  36|0x0000000707000000, 0x0000000707000000, 0x0000000707200000|  0%| F|  |TAMS 0x0000000707000000, 0x0000000707000000| Untracked 
|  37|0x0000000707200000, 0x0000000707200000, 0x0000000707400000|  0%| F|  |TAMS 0x0000000707200000, 0x0000000707200000| Untracked 
|  38|0x0000000707400000, 0x0000000707400000, 0x0000000707600000|  0%| F|  |TAMS 0x0000000707400000, 0x0000000707400000| Untracked 
|  39|0x0000000707600000, 0x0000000707600000, 0x0000000707800000|  0%| F|  |TAMS 0x0000000707600000, 0x0000000707600000| Untracked 
|  40|0x0000000707800000, 0x0000000707800000, 0x0000000707a00000|  0%| F|  |TAMS 0x0000000707800000, 0x0000000707800000| Untracked 
|  41|0x0000000707a00000, 0x0000000707a00000, 0x0000000707c00000|  0%| F|  |TAMS 0x0000000707a00000, 0x0000000707a00000| Untracked 
|  42|0x0000000707c00000, 0x0000000707c00000, 0x0000000707e00000|  0%| F|  |TAMS 0x0000000707c00000, 0x0000000707c00000| Untracked 
|  43|0x0000000707e00000, 0x0000000707e00000, 0x0000000708000000|  0%| F|  |TAMS 0x0000000707e00000, 0x0000000707e00000| Untracked 
|  44|0x0000000708000000, 0x0000000708000000, 0x0000000708200000|  0%| F|  |TAMS 0x0000000708000000, 0x0000000708000000| Untracked 
|  45|0x0000000708200000, 0x0000000708200000, 0x0000000708400000|  0%| F|  |TAMS 0x0000000708200000, 0x0000000708200000| Untracked 
|  46|0x0000000708400000, 0x0000000708400000, 0x0000000708600000|  0%| F|  |TAMS 0x0000000708400000, 0x0000000708400000| Untracked 
|  47|0x0000000708600000, 0x0000000708600000, 0x0000000708800000|  0%| F|  |TAMS 0x0000000708600000, 0x0000000708600000| Untracked 
|  48|0x0000000708800000, 0x0000000708800000, 0x0000000708a00000|  0%| F|  |TAMS 0x0000000708800000, 0x0000000708800000| Untracked 
|  49|0x0000000708a00000, 0x0000000708a00000, 0x0000000708c00000|  0%| F|  |TAMS 0x0000000708a00000, 0x0000000708a00000| Untracked 
|  50|0x0000000708c00000, 0x0000000708c00000, 0x0000000708e00000|  0%| F|  |TAMS 0x0000000708c00000, 0x0000000708c00000| Untracked 
|  51|0x0000000708e00000, 0x0000000708e00000, 0x0000000709000000|  0%| F|  |TAMS 0x0000000708e00000, 0x0000000708e00000| Untracked 
|  52|0x0000000709000000, 0x0000000709000000, 0x0000000709200000|  0%| F|  |TAMS 0x0000000709000000, 0x0000000709000000| Untracked 
|  53|0x0000000709200000, 0x0000000709200000, 0x0000000709400000|  0%| F|  |TAMS 0x0000000709200000, 0x0000000709200000| Untracked 
|  54|0x0000000709400000, 0x0000000709400000, 0x0000000709600000|  0%| F|  |TAMS 0x0000000709400000, 0x0000000709400000| Untracked 
|  55|0x0000000709600000, 0x0000000709600000, 0x0000000709800000|  0%| F|  |TAMS 0x0000000709600000, 0x0000000709600000| Untracked 
|  56|0x0000000709800000, 0x0000000709800000, 0x0000000709a00000|  0%| F|  |TAMS 0x0000000709800000, 0x0000000709800000| Untracked 
|  57|0x0000000709a00000, 0x0000000709a00000, 0x0000000709c00000|  0%| F|  |TAMS 0x0000000709a00000, 0x0000000709a00000| Untracked 
|  58|0x0000000709c00000, 0x0000000709c00000, 0x0000000709e00000|  0%| F|  |TAMS 0x0000000709c00000, 0x0000000709c00000| Untracked 
|  59|0x0000000709e00000, 0x0000000709e00000, 0x000000070a000000|  0%| F|  |TAMS 0x0000000709e00000, 0x0000000709e00000| Untracked 
|  60|0x000000070a000000, 0x000000070a000000, 0x000000070a200000|  0%| F|  |TAMS 0x000000070a000000, 0x000000070a000000| Untracked 
|  61|0x000000070a200000, 0x000000070a200000, 0x000000070a400000|  0%| F|  |TAMS 0x000000070a200000, 0x000000070a200000| Untracked 
|  62|0x000000070a400000, 0x000000070a400000, 0x000000070a600000|  0%| F|  |TAMS 0x000000070a400000, 0x000000070a400000| Untracked 
|  63|0x000000070a600000, 0x000000070a600000, 0x000000070a800000|  0%| F|  |TAMS 0x000000070a600000, 0x000000070a600000| Untracked 
|  64|0x000000070a800000, 0x000000070a800000, 0x000000070aa00000|  0%| F|  |TAMS 0x000000070a800000, 0x000000070a800000| Untracked 
|  65|0x000000070aa00000, 0x000000070aa00000, 0x000000070ac00000|  0%| F|  |TAMS 0x000000070aa00000, 0x000000070aa00000| Untracked 
|  66|0x000000070ac00000, 0x000000070ac00000, 0x000000070ae00000|  0%| F|  |TAMS 0x000000070ac00000, 0x000000070ac00000| Untracked 
|  67|0x000000070ae00000, 0x000000070ae00000, 0x000000070b000000|  0%| F|  |TAMS 0x000000070ae00000, 0x000000070ae00000| Untracked 
|  68|0x000000070b000000, 0x000000070b000000, 0x000000070b200000|  0%| F|  |TAMS 0x000000070b000000, 0x000000070b000000| Untracked 
|  69|0x000000070b200000, 0x000000070b200000, 0x000000070b400000|  0%| F|  |TAMS 0x000000070b200000, 0x000000070b200000| Untracked 
|  70|0x000000070b400000, 0x000000070b400000, 0x000000070b600000|  0%| F|  |TAMS 0x000000070b400000, 0x000000070b400000| Untracked 
|  71|0x000000070b600000, 0x000000070b600000, 0x000000070b800000|  0%| F|  |TAMS 0x000000070b600000, 0x000000070b600000| Untracked 
|  72|0x000000070b800000, 0x000000070b800000, 0x000000070ba00000|  0%| F|  |TAMS 0x000000070b800000, 0x000000070b800000| Untracked 
|  73|0x000000070ba00000, 0x000000070ba00000, 0x000000070bc00000|  0%| F|  |TAMS 0x000000070ba00000, 0x000000070ba00000| Untracked 
|  74|0x000000070bc00000, 0x000000070bc00000, 0x000000070be00000|  0%| F|  |TAMS 0x000000070bc00000, 0x000000070bc00000| Untracked 
|  75|0x000000070be00000, 0x000000070be00000, 0x000000070c000000|  0%| F|  |TAMS 0x000000070be00000, 0x000000070be00000| Untracked 
|  76|0x000000070c000000, 0x000000070c000000, 0x000000070c200000|  0%| F|  |TAMS 0x000000070c000000, 0x000000070c000000| Untracked 
|  77|0x000000070c200000, 0x000000070c200000, 0x000000070c400000|  0%| F|  |TAMS 0x000000070c200000, 0x000000070c200000| Untracked 
|  78|0x000000070c400000, 0x000000070c400000, 0x000000070c600000|  0%| F|  |TAMS 0x000000070c400000, 0x000000070c400000| Untracked 
|  79|0x000000070c600000, 0x000000070c600000, 0x000000070c800000|  0%| F|  |TAMS 0x000000070c600000, 0x000000070c600000| Untracked 
|  80|0x000000070c800000, 0x000000070c800000, 0x000000070ca00000|  0%| F|  |TAMS 0x000000070c800000, 0x000000070c800000| Untracked 
|  81|0x000000070ca00000, 0x000000070ca00000, 0x000000070cc00000|  0%| F|  |TAMS 0x000000070ca00000, 0x000000070ca00000| Untracked 
|  82|0x000000070cc00000, 0x000000070cc00000, 0x000000070ce00000|  0%| F|  |TAMS 0x000000070cc00000, 0x000000070cc00000| Untracked 
|  83|0x000000070ce00000, 0x000000070ce00000, 0x000000070d000000|  0%| F|  |TAMS 0x000000070ce00000, 0x000000070ce00000| Untracked 
|  84|0x000000070d000000, 0x000000070d000000, 0x000000070d200000|  0%| F|  |TAMS 0x000000070d000000, 0x000000070d000000| Untracked 
|  85|0x000000070d200000, 0x000000070d200000, 0x000000070d400000|  0%| F|  |TAMS 0x000000070d200000, 0x000000070d200000| Untracked 
|  86|0x000000070d400000, 0x000000070d400000, 0x000000070d600000|  0%| F|  |TAMS 0x000000070d400000, 0x000000070d400000| Untracked 
|  87|0x000000070d600000, 0x000000070d600000, 0x000000070d800000|  0%| F|  |TAMS 0x000000070d600000, 0x000000070d600000| Untracked 
|  88|0x000000070d800000, 0x000000070d800000, 0x000000070da00000|  0%| F|  |TAMS 0x000000070d800000, 0x000000070d800000| Untracked 
|  89|0x000000070da00000, 0x000000070da00000, 0x000000070dc00000|  0%| F|  |TAMS 0x000000070da00000, 0x000000070da00000| Untracked 
|  90|0x000000070dc00000, 0x000000070dc00000, 0x000000070de00000|  0%| F|  |TAMS 0x000000070dc00000, 0x000000070dc00000| Untracked 
|  91|0x000000070de00000, 0x000000070de00000, 0x000000070e000000|  0%| F|  |TAMS 0x000000070de00000, 0x000000070de00000| Untracked 
|  92|0x000000070e000000, 0x000000070e000000, 0x000000070e200000|  0%| F|  |TAMS 0x000000070e000000, 0x000000070e000000| Untracked 
|  93|0x000000070e200000, 0x000000070e200000, 0x000000070e400000|  0%| F|  |TAMS 0x000000070e200000, 0x000000070e200000| Untracked 
|  94|0x000000070e400000, 0x000000070e400000, 0x000000070e600000|  0%| F|  |TAMS 0x000000070e400000, 0x000000070e400000| Untracked 
|  95|0x000000070e600000, 0x000000070e600000, 0x000000070e800000|  0%| F|  |TAMS 0x000000070e600000, 0x000000070e600000| Untracked 
|  96|0x000000070e800000, 0x000000070e800000, 0x000000070ea00000|  0%| F|  |TAMS 0x000000070e800000, 0x000000070e800000| Untracked 
|  97|0x000000070ea00000, 0x000000070ea00000, 0x000000070ec00000|  0%| F|  |TAMS 0x000000070ea00000, 0x000000070ea00000| Untracked 
|  98|0x000000070ec00000, 0x000000070ec00000, 0x000000070ee00000|  0%| F|  |TAMS 0x000000070ec00000, 0x000000070ec00000| Untracked 
|  99|0x000000070ee00000, 0x000000070ee00000, 0x000000070f000000|  0%| F|  |TAMS 0x000000070ee00000, 0x000000070ee00000| Untracked 
| 100|0x000000070f000000, 0x000000070f000000, 0x000000070f200000|  0%| F|  |TAMS 0x000000070f000000, 0x000000070f000000| Untracked 
| 101|0x000000070f200000, 0x000000070f200000, 0x000000070f400000|  0%| F|  |TAMS 0x000000070f200000, 0x000000070f200000| Untracked 
| 102|0x000000070f400000, 0x000000070f400000, 0x000000070f600000|  0%| F|  |TAMS 0x000000070f400000, 0x000000070f400000| Untracked 
| 103|0x000000070f600000, 0x000000070f600000, 0x000000070f800000|  0%| F|  |TAMS 0x000000070f600000, 0x000000070f600000| Untracked 
| 104|0x000000070f800000, 0x000000070f800000, 0x000000070fa00000|  0%| F|  |TAMS 0x000000070f800000, 0x000000070f800000| Untracked 
| 105|0x000000070fa00000, 0x000000070fa00000, 0x000000070fc00000|  0%| F|  |TAMS 0x000000070fa00000, 0x000000070fa00000| Untracked 
| 106|0x000000070fc00000, 0x000000070fc00000, 0x000000070fe00000|  0%| F|  |TAMS 0x000000070fc00000, 0x000000070fc00000| Untracked 
| 107|0x000000070fe00000, 0x000000070fe00000, 0x0000000710000000|  0%| F|  |TAMS 0x000000070fe00000, 0x000000070fe00000| Untracked 
| 108|0x0000000710000000, 0x0000000710000000, 0x0000000710200000|  0%| F|  |TAMS 0x0000000710000000, 0x0000000710000000| Untracked 
| 109|0x0000000710200000, 0x0000000710200000, 0x0000000710400000|  0%| F|  |TAMS 0x0000000710200000, 0x0000000710200000| Untracked 
| 110|0x0000000710400000, 0x0000000710400000, 0x0000000710600000|  0%| F|  |TAMS 0x0000000710400000, 0x0000000710400000| Untracked 
| 111|0x0000000710600000, 0x0000000710600000, 0x0000000710800000|  0%| F|  |TAMS 0x0000000710600000, 0x0000000710600000| Untracked 
| 112|0x0000000710800000, 0x0000000710800000, 0x0000000710a00000|  0%| F|  |TAMS 0x0000000710800000, 0x0000000710800000| Untracked 
| 113|0x0000000710a00000, 0x0000000710a00000, 0x0000000710c00000|  0%| F|  |TAMS 0x0000000710a00000, 0x0000000710a00000| Untracked 
| 114|0x0000000710c00000, 0x0000000710c00000, 0x0000000710e00000|  0%| F|  |TAMS 0x0000000710c00000, 0x0000000710c00000| Untracked 
| 115|0x0000000710e00000, 0x0000000710e00000, 0x0000000711000000|  0%| F|  |TAMS 0x0000000710e00000, 0x0000000710e00000| Untracked 
| 116|0x0000000711000000, 0x00000007111a9cd0, 0x0000000711200000| 83%| S|CS|TAMS 0x0000000711000000, 0x0000000711000000| Complete 
| 117|0x0000000711200000, 0x0000000711200000, 0x0000000711400000|  0%| F|  |TAMS 0x0000000711200000, 0x0000000711200000| Untracked 
| 118|0x0000000711400000, 0x0000000711400000, 0x0000000711600000|  0%| F|  |TAMS 0x0000000711400000, 0x0000000711400000| Untracked 
| 119|0x0000000711600000, 0x0000000711600000, 0x0000000711800000|  0%| F|  |TAMS 0x0000000711600000, 0x0000000711600000| Untracked 
| 120|0x0000000711800000, 0x0000000711800000, 0x0000000711a00000|  0%| F|  |TAMS 0x0000000711800000, 0x0000000711800000| Untracked 
| 121|0x0000000711a00000, 0x0000000711c00000, 0x0000000711c00000|100%| E|  |TAMS 0x0000000711a00000, 0x0000000711a00000| Complete 
| 122|0x0000000711c00000, 0x0000000711e00000, 0x0000000711e00000|100%| E|CS|TAMS 0x0000000711c00000, 0x0000000711c00000| Complete 
| 123|0x0000000711e00000, 0x0000000712000000, 0x0000000712000000|100%| E|CS|TAMS 0x0000000711e00000, 0x0000000711e00000| Complete 
| 124|0x0000000712000000, 0x0000000712200000, 0x0000000712200000|100%| E|CS|TAMS 0x0000000712000000, 0x0000000712000000| Complete 
| 125|0x0000000712200000, 0x0000000712400000, 0x0000000712400000|100%| E|CS|TAMS 0x0000000712200000, 0x0000000712200000| Complete 
| 126|0x0000000712400000, 0x0000000712600000, 0x0000000712600000|100%| E|CS|TAMS 0x0000000712400000, 0x0000000712400000| Complete 

Card table byte_map: [0x00000222b3590000,0x00000222b3d80000] _byte_map_base: 0x00000222afd7c000

Marking Bits (Prev, Next): (CMBitMap*) 0x000002229a2f1e70, (CMBitMap*) 0x000002229a2f1eb0
 Prev Bits: [0x00000222b4570000, 0x00000222b84d0000)
 Next Bits: [0x00000222b84d0000, 0x00000222bc430000)

Polling page: 0x000002229a350000

Metaspace:

Usage:
  Non-class:     10.46 MB used.
      Class:      1.57 MB used.
       Both:     12.02 MB used.

Virtual space:
  Non-class space:       64.00 MB reserved,      10.56 MB ( 17%) committed,  1 nodes.
      Class space:        1.00 GB reserved,       1.69 MB ( <1%) committed,  1 nodes.
             Both:        1.06 GB reserved,      12.25 MB (  1%) committed. 

Chunk freelists:
   Non-Class:  5.33 MB
       Class:  14.16 MB
        Both:  19.48 MB

MaxMetaspaceSize: unlimited
CompressedClassSpaceSize: 1.00 GB
Initial GC threshold: 21.00 MB
Current GC threshold: 21.00 MB
CDS: on
MetaspaceReclaimPolicy: balanced
 - commit_granule_bytes: 65536.
 - commit_granule_words: 8192.
 - virtual_space_node_default_size: 8388608.
 - enlarge_chunks_in_place: 1.
 - new_chunks_are_fully_committed: 0.
 - uncommit_free_chunks: 1.
 - use_allocation_guard: 0.
 - handle_deallocations: 1.


Internal statistics:

num_allocs_failed_limit: 0.
num_arena_births: 184.
num_arena_deaths: 0.
num_vsnodes_births: 2.
num_vsnodes_deaths: 0.
num_space_committed: 196.
num_space_uncommitted: 0.
num_chunks_returned_to_freelist: 0.
num_chunks_taken_from_freelist: 636.
num_chunk_merges: 0.
num_chunk_splits: 372.
num_chunks_enlarged: 254.
num_inconsistent_stats: 0.

CodeHeap 'non-profiled nmethods': size=120000Kb used=716Kb max_used=716Kb free=119283Kb
 bounds [0x00000222aadf0000, 0x00000222ab060000, 0x00000222b2320000]
CodeHeap 'profiled nmethods': size=120000Kb used=3612Kb max_used=3612Kb free=116387Kb
 bounds [0x00000222a3320000, 0x00000222a36b0000, 0x00000222aa850000]
CodeHeap 'non-nmethods': size=5760Kb used=1193Kb max_used=1252Kb free=4566Kb
 bounds [0x00000222aa850000, 0x00000222aaac0000, 0x00000222aadf0000]
 total_blobs=2259 nmethods=1774 adapters=397
 compilation: enabled
              stopped_count=0, restarted_count=0
 full_count=0

Compilation events (20 events):
Event: 1.685 Thread 0x00000222bef4b990 1729       3       java.lang.invoke.SimpleMethodHandle::<init> (7 bytes)
Event: 1.685 Thread 0x00000222bef4b990 nmethod 1729 0x00000222a3684890 code [0x00000222a3684a40, 0x00000222a3684c08]
Event: 1.688 Thread 0x00000222bef4b990 1730       3       org.springframework.boot.convert.ApplicationConversionService::assertModifiable (18 bytes)
Event: 1.688 Thread 0x00000222bef4b990 nmethod 1730 0x00000222a3684d10 code [0x00000222a3684ec0, 0x00000222a36850e8]
Event: 1.688 Thread 0x00000222bef4b990 1734       3       org.springframework.core.ResolvableType::forType (112 bytes)
Event: 1.689 Thread 0x00000222bef4b990 nmethod 1734 0x00000222a3685210 code [0x00000222a3685440, 0x00000222a3685d08]
Event: 1.689 Thread 0x00000222bef4b990 1737       3       org.springframework.util.ConcurrentReferenceHashMap::clear (32 bytes)
Event: 1.689 Thread 0x00000222bef4b990 nmethod 1737 0x00000222a3685f90 code [0x00000222a3686140, 0x00000222a3686368]
Event: 1.690 Thread 0x00000222bef4b990 1735       3       java.util.concurrent.ConcurrentLinkedDeque$Node::<init> (5 bytes)
Event: 1.690 Thread 0x00000222bef4b990 nmethod 1735 0x00000222a3686490 code [0x00000222a3686620, 0x00000222a3686778]
Event: 1.690 Thread 0x00000222bef4b990 1732       3       org.springframework.core.ResolvableType::hashCode (22 bytes)
Event: 1.690 Thread 0x00000222bef4b990 nmethod 1732 0x00000222a3686810 code [0x00000222a36869c0, 0x00000222a3686b88]
Event: 1.690 Thread 0x00000222bef4b990 1739       3       org.springframework.util.ConcurrentReferenceHashMap::purgeUnreferencedEntries (33 bytes)
Event: 1.690 Thread 0x00000222bef4b990 nmethod 1739 0x00000222a3686c90 code [0x00000222a3686e40, 0x00000222a3687068]
Event: 1.690 Thread 0x00000222bef4b990 1736       3       java.util.Collections$1::next (25 bytes)
Event: 1.691 Thread 0x00000222bef4b990 nmethod 1736 0x00000222a3687190 code [0x00000222a3687340, 0x00000222a3687568]
Event: 1.691 Thread 0x00000222bef4b990 1738       3       java.lang.invoke.VarHandleGuards::guard_LLL_Z (86 bytes)
Event: 1.694 Thread 0x00000222bef4b990 nmethod 1738 0x00000222a3687690 code [0x00000222a3687a00, 0x00000222a3689798]
Event: 1.695 Thread 0x00000222bef4b990 1733       3       org.springframework.core.ResolvableType::resolveClass (74 bytes)
Event: 1.695 Thread 0x00000222bef4b990 nmethod 1733 0x00000222a368a190 code [0x00000222a368a3a0, 0x00000222a368ace8]

GC Heap History (4 events):
Event: 0.725 GC heap before
{Heap before GC invocations=0 (full 0):
 garbage-first heap   total 260096K, used 20480K [0x0000000702800000, 0x0000000800000000)
  region size 2048K, 11 young (22528K), 0 survivors (0K)
 Metaspace       used 4142K, committed 4288K, reserved 1114112K
  class space    used 482K, committed 576K, reserved 1048576K
}
Event: 0.732 GC heap after
{Heap after GC invocations=1 (full 0):
 garbage-first heap   total 260096K, used 8692K [0x0000000702800000, 0x0000000800000000)
  region size 2048K, 2 young (4096K), 2 survivors (4096K)
 Metaspace       used 4142K, committed 4288K, reserved 1114112K
  class space    used 482K, committed 576K, reserved 1048576K
}
Event: 1.385 GC heap before
{Heap before GC invocations=1 (full 0):
 garbage-first heap   total 260096K, used 29172K [0x0000000702800000, 0x0000000800000000)
  region size 2048K, 12 young (24576K), 2 survivors (4096K)
 Metaspace       used 9608K, committed 9856K, reserved 1114112K
  class space    used 1197K, committed 1344K, reserved 1048576K
}
Event: 1.390 GC heap after
{Heap after GC invocations=2 (full 0):
 garbage-first heap   total 260096K, used 10132K [0x0000000702800000, 0x0000000800000000)
  region size 2048K, 1 young (2048K), 1 survivors (2048K)
 Metaspace       used 9608K, committed 9856K, reserved 1114112K
  class space    used 1197K, committed 1344K, reserved 1048576K
}

Deoptimization events (20 events):
Event: 1.352 Thread 0x000002229a2825f0 Uncommon trap: trap_request=0xffffff45 fr.pc=0x00000222aae43134 relative=0x0000000000000314
Event: 1.352 Thread 0x000002229a2825f0 Uncommon trap: reason=unstable_if action=reinterpret pc=0x00000222aae43134 method=jdk.internal.org.objectweb.asm.SymbolTable.put(Ljdk/internal/org/objectweb/asm/SymbolTable$Entry;)Ljdk/internal/org/objectweb/asm/SymbolTable$Entry; @ 13 c2
Event: 1.352 Thread 0x000002229a2825f0 DEOPT PACKING pc=0x00000222aae43134 sp=0x000000ff0abfba00
Event: 1.352 Thread 0x000002229a2825f0 DEOPT UNPACKING pc=0x00000222aa8a23a3 sp=0x000000ff0abfb980 mode 2
Event: 1.400 Thread 0x000002229a2825f0 DEOPT PACKING pc=0x00000222a343897d sp=0x000000ff0abf89d0
Event: 1.400 Thread 0x000002229a2825f0 DEOPT UNPACKING pc=0x00000222aa8a2b43 sp=0x000000ff0abf7e58 mode 0
Event: 1.415 Thread 0x000002229a2825f0 Uncommon trap: trap_request=0xffffff45 fr.pc=0x00000222aae44438 relative=0x0000000000000098
Event: 1.415 Thread 0x000002229a2825f0 Uncommon trap: reason=unstable_if action=reinterpret pc=0x00000222aae44438 method=sun.reflect.generics.parser.SignatureParser.current()C @ 39 c2
Event: 1.415 Thread 0x000002229a2825f0 DEOPT PACKING pc=0x00000222aae44438 sp=0x000000ff0abfbcb0
Event: 1.415 Thread 0x000002229a2825f0 DEOPT UNPACKING pc=0x00000222aa8a23a3 sp=0x000000ff0abfbc48 mode 2
Event: 1.467 Thread 0x000002229a2825f0 DEOPT PACKING pc=0x00000222a343897d sp=0x000000ff0abfba10
Event: 1.467 Thread 0x000002229a2825f0 DEOPT UNPACKING pc=0x00000222aa8a2b43 sp=0x000000ff0abfae98 mode 0
Event: 1.512 Thread 0x000002229a2825f0 Uncommon trap: trap_request=0xffffff45 fr.pc=0x00000222aae58ff4 relative=0x00000000000004b4
Event: 1.512 Thread 0x000002229a2825f0 Uncommon trap: reason=unstable_if action=reinterpret pc=0x00000222aae58ff4 method=java.util.HashMap.hash(Ljava/lang/Object;)I @ 1 c2
Event: 1.512 Thread 0x000002229a2825f0 DEOPT PACKING pc=0x00000222aae58ff4 sp=0x000000ff0abfcf00
Event: 1.512 Thread 0x000002229a2825f0 DEOPT UNPACKING pc=0x00000222aa8a23a3 sp=0x000000ff0abfcda8 mode 2
Event: 1.567 Thread 0x000002229a2825f0 DEOPT PACKING pc=0x00000222a343897d sp=0x000000ff0abfcb00
Event: 1.567 Thread 0x000002229a2825f0 DEOPT UNPACKING pc=0x00000222aa8a2b43 sp=0x000000ff0abfbf88 mode 0
Event: 1.664 Thread 0x000002229a2825f0 DEOPT PACKING pc=0x00000222a343897d sp=0x000000ff0abf6780
Event: 1.664 Thread 0x000002229a2825f0 DEOPT UNPACKING pc=0x00000222aa8a2b43 sp=0x000000ff0abf5c08 mode 0

Classes unloaded (0 events):
No events

Classes redefined (0 events):
No events

Internal exceptions (20 events):
Event: 1.229 Thread 0x000002229a2825f0 Exception <a 'java/lang/NoSuchMethodError'{0x0000000711657370}: 'int java.lang.invoke.DirectMethodHandle$Holder.invokeVirtual(java.lang.Object, java.lang.Object, java.lang.Object)'> (0x0000000711657370) 
thrown [s\open\src\hotspot\share\interpreter\linkResolver.cpp, line 759]
Event: 1.273 Thread 0x000002229a2825f0 Exception <a 'java/lang/IncompatibleClassChangeError'{0x00000007117a6568}: Found class java.lang.Object, but interface was expected> (0x00000007117a6568) 
thrown [s\open\src\hotspot\share\interpreter\linkResolver.cpp, line 826]
Event: 1.306 Thread 0x000002229a2825f0 Exception <a 'java/lang/NoSuchMethodError'{0x00000007114d0690}: 'int java.lang.invoke.DirectMethodHandle$Holder.invokeSpecial(java.lang.Object, java.lang.Object, java.lang.Object, java.lang.Object)'> (0x00000007114d0690) 
thrown [s\open\src\hotspot\share\interpreter\linkResolver.cpp, line 759]
Event: 1.310 Thread 0x000002229a2825f0 Exception <a 'sun/nio/fs/WindowsException'{0x00000007114ed5e8}> (0x00000007114ed5e8) 
thrown [s\open\src\hotspot\share\prims\jni.cpp, line 516]
Event: 1.311 Thread 0x000002229a2825f0 Exception <a 'java/lang/NoSuchMethodError'{0x00000007114eedb0}: 'int java.lang.invoke.DirectMethodHandle$Holder.invokeSpecial(java.lang.Object, java.lang.Object, java.lang.Object, java.lang.Object, java.lang.Object)'> (0x00000007114eedb0) 
thrown [s\open\src\hotspot\share\interpreter\linkResolver.cpp, line 759]
Event: 1.313 Thread 0x000002229a2825f0 Exception <a 'java/lang/NoSuchMethodError'{0x00000007114f7df8}: 'void java.lang.invoke.DirectMethodHandle$Holder.invokeVirtual(java.lang.Object, java.lang.Object)'> (0x00000007114f7df8) 
thrown [s\open\src\hotspot\share\interpreter\linkResolver.cpp, line 759]
Event: 1.316 Thread 0x000002229a2825f0 Exception <a 'sun/nio/fs/WindowsException'{0x0000000711510338}> (0x0000000711510338) 
thrown [s\open\src\hotspot\share\prims\jni.cpp, line 516]
Event: 1.382 Thread 0x000002229a2825f0 Exception <a 'java/lang/NoSuchMethodError'{0x00000007113bbf00}: 'void java.lang.invoke.DirectMethodHandle$Holder.invokeVirtual(java.lang.Object, java.lang.Object, java.lang.Object, java.lang.Object)'> (0x00000007113bbf00) 
thrown [s\open\src\hotspot\share\interpreter\linkResolver.cpp, line 759]
Event: 1.511 Thread 0x000002229a2825f0 Exception <a 'java/lang/NoSuchMethodError'{0x000000071200e4a0}: 'java.lang.Object java.lang.invoke.DirectMethodHandle$Holder.newInvokeSpecial(java.lang.Object, java.lang.Object, java.lang.Object, java.lang.Object, java.lang.Object, java.lang.Object, java.lang.Object)'> (0x000000071200e4a0) 
thrown [s\open\src\hotspot\share\interpreter\linkResolver.cpp, line 759]
Event: 1.511 Thread 0x000002229a2825f0 Exception <a 'java/lang/NoSuchMethodError'{0x0000000712013058}: 'java.lang.Object java.lang.invoke.Invokers$Holder.linkToTargetMethod(java.lang.Object, java.lang.Object, java.lang.Object, java.lang.Object, java.lang.Object, java.lang.Object, java.lang.Object)'> (0x0000000712013058) 
thrown [s\open\src\hotspot\share\interpreter\linkResolver.cpp, line 759]
Event: 1.512 Thread 0x000002229a2825f0 Implicit null exception at 0x00000222aae58b90 to 0x00000222aae58fd4
Event: 1.539 Thread 0x000002229a2825f0 Exception <a 'java/lang/reflect/InvocationTargetException'{0x0000000712108618}> (0x0000000712108618) 
thrown [s\open\src\hotspot\share\runtime\reflection.cpp, line 1121]
Event: 1.553 Thread 0x000002229a2825f0 Exception <a 'java/lang/NoSuchMethodError'{0x00000007121a8808}: 'java.lang.Object java.lang.invoke.DirectMethodHandle$Holder.invokeInterface(java.lang.Object, java.lang.Object, java.lang.Object, java.lang.Object)'> (0x00000007121a8808) 
thrown [s\open\src\hotspot\share\interpreter\linkResolver.cpp, line 759]
Event: 1.557 Thread 0x000002229a2825f0 Exception <a 'java/lang/NoSuchMethodError'{0x00000007121c5098}: 'java.lang.Object java.lang.invoke.DirectMethodHandle$Holder.newInvokeSpecial(java.lang.Object, java.lang.Object, java.lang.Object, java.lang.Object, int)'> (0x00000007121c5098) 
thrown [s\open\src\hotspot\share\interpreter\linkResolver.cpp, line 759]
Event: 1.557 Thread 0x000002229a2825f0 Exception <a 'java/lang/NoSuchMethodError'{0x00000007121c9868}: 'java.lang.Object java.lang.invoke.DirectMethodHandle$Holder.invokeSpecial(java.lang.Object, java.lang.Object, java.lang.Object, java.lang.Object, java.lang.Object, int)'> (0x00000007121c9868) 
thrown [s\open\src\hotspot\share\interpreter\linkResolver.cpp, line 759]
Event: 1.557 Thread 0x000002229a2825f0 Exception <a 'java/lang/NoSuchMethodError'{0x00000007121cd7f8}: 'java.lang.Object java.lang.invoke.Invokers$Holder.linkToTargetMethod(java.lang.Object, java.lang.Object, java.lang.Object, int, java.lang.Object)'> (0x00000007121cd7f8) 
thrown [s\open\src\hotspot\share\interpreter\linkResolver.cpp, line 759]
Event: 1.563 Thread 0x000002229a2825f0 Exception <a 'java/lang/NoSuchMethodError'{0x00000007121fd520}: 'java.lang.Object java.lang.invoke.DirectMethodHandle$Holder.invokeInterface(java.lang.Object, java.lang.Object, java.lang.Object, java.lang.Object, java.lang.Object)'> (0x00000007121fd520) 
thrown [s\open\src\hotspot\share\interpreter\linkResolver.cpp, line 759]
Event: 1.564 Thread 0x000002229a2825f0 Exception <a 'java/lang/IncompatibleClassChangeError'{0x0000000711e017d0}: Found class java.lang.Object, but interface was expected> (0x0000000711e017d0) 
thrown [s\open\src\hotspot\share\interpreter\linkResolver.cpp, line 826]
Event: 1.676 Thread 0x000002229a2825f0 Exception <a 'java/lang/IncompatibleClassChangeError'{0x0000000711d5e360}: Found class java.lang.Object, but interface was expected> (0x0000000711d5e360) 
thrown [s\open\src\hotspot\share\interpreter\linkResolver.cpp, line 826]
Event: 1.687 Thread 0x000002229a2825f0 Exception <a 'sun/nio/fs/WindowsException'{0x0000000711da5df0}> (0x0000000711da5df0) 
thrown [s\open\src\hotspot\share\prims\jni.cpp, line 516]

VM Operations (20 events):
Event: 0.924 Executing VM operation: HandshakeAllThreads
Event: 0.924 Executing VM operation: HandshakeAllThreads done
Event: 0.986 Executing VM operation: HandshakeAllThreads
Event: 0.986 Executing VM operation: HandshakeAllThreads done
Event: 1.098 Executing VM operation: HandshakeAllThreads
Event: 1.098 Executing VM operation: HandshakeAllThreads done
Event: 1.098 Executing VM operation: HandshakeAllThreads
Event: 1.098 Executing VM operation: HandshakeAllThreads done
Event: 1.185 Executing VM operation: HandshakeAllThreads
Event: 1.185 Executing VM operation: HandshakeAllThreads done
Event: 1.286 Executing VM operation: HandshakeAllThreads
Event: 1.286 Executing VM operation: HandshakeAllThreads done
Event: 1.371 Executing VM operation: ICBufferFull
Event: 1.372 Executing VM operation: ICBufferFull done
Event: 1.379 Executing VM operation: HandshakeAllThreads
Event: 1.379 Executing VM operation: HandshakeAllThreads done
Event: 1.385 Executing VM operation: G1CollectForAllocation
Event: 1.390 Executing VM operation: G1CollectForAllocation done
Event: 1.567 Executing VM operation: HandshakeAllThreads
Event: 1.567 Executing VM operation: HandshakeAllThreads done

Events (20 events):
Event: 1.679 loading class javax/naming/InitialContext
Event: 1.680 loading class javax/naming/Context
Event: 1.680 loading class javax/naming/Context done
Event: 1.680 loading class javax/naming/InitialContext done
Event: 1.683 loading class javax/naming/NamingException
Event: 1.683 loading class javax/naming/NamingException done
Event: 1.684 loading class com/sun/naming/internal/ResourceManager
Event: 1.684 loading class com/sun/naming/internal/ResourceManager done
Event: 1.684 loading class com/sun/naming/internal/VersionHelper
Event: 1.684 loading class com/sun/naming/internal/VersionHelper done
Event: 1.686 loading class com/sun/naming/internal/VersionHelper$InputStreamEnumeration
Event: 1.686 loading class javax/naming/NamingEnumeration
Event: 1.686 loading class javax/naming/NamingEnumeration done
Event: 1.686 loading class com/sun/naming/internal/VersionHelper$InputStreamEnumeration done
Event: 1.687 loading class java/util/Hashtable$KeySet
Event: 1.687 loading class java/util/Hashtable$KeySet done
Event: 1.687 loading class javax/naming/spi/NamingManager
Event: 1.688 loading class javax/naming/spi/NamingManager done
Event: 1.688 loading class javax/naming/NoInitialContextException
Event: 1.688 loading class javax/naming/NoInitialContextException done


Dynamic libraries:
0x00007ff68c380000 - 0x00007ff68c390000 	C:\Program Files\Java\jdk-17\bin\java.exe
0x00007ff830bf0000 - 0x00007ff830e07000 	C:\WINDOWS\SYSTEM32\ntdll.dll
0x00007ff830190000 - 0x00007ff830254000 	C:\WINDOWS\System32\KERNEL32.DLL
0x00007ff82e070000 - 0x00007ff82e427000 	C:\WINDOWS\System32\KERNELBASE.dll
0x00007ff82e740000 - 0x00007ff82e851000 	C:\WINDOWS\System32\ucrtbase.dll
0x00007ff821e20000 - 0x00007ff821e3b000 	C:\Program Files\Java\jdk-17\bin\VCRUNTIME140.dll
0x00007ff828090000 - 0x00007ff8280a9000 	C:\Program Files\Java\jdk-17\bin\jli.dll
0x00007ff82eed0000 - 0x00007ff82ef82000 	C:\WINDOWS\System32\ADVAPI32.dll
0x00007ff830050000 - 0x00007ff8300f7000 	C:\WINDOWS\System32\msvcrt.dll
0x00007ff82fde0000 - 0x00007ff82fe88000 	C:\WINDOWS\System32\sechost.dll
0x00007ff82e040000 - 0x00007ff82e068000 	C:\WINDOWS\System32\bcrypt.dll
0x00007ff82e920000 - 0x00007ff82ea34000 	C:\WINDOWS\System32\RPCRT4.dll
0x00007ff830a00000 - 0x00007ff830baf000 	C:\WINDOWS\System32\USER32.dll
0x00007ff82df00000 - 0x00007ff82df26000 	C:\WINDOWS\System32\win32u.dll
0x00007ff82f140000 - 0x00007ff82f169000 	C:\WINDOWS\System32\GDI32.dll
0x00007ff82e430000 - 0x00007ff82e548000 	C:\WINDOWS\System32\gdi32full.dll
0x00007ff82dfa0000 - 0x00007ff82e03a000 	C:\WINDOWS\System32\msvcp_win.dll
0x00007ff814020000 - 0x00007ff8142b3000 	C:\WINDOWS\WinSxS\amd64_microsoft.windows.common-controls_6595b64144ccf1df_6.0.22621.3672_none_2713b9d173822955\COMCTL32.dll
0x00007ff828440000 - 0x00007ff82844a000 	C:\WINDOWS\SYSTEM32\VERSION.dll
0x00007ff82fbe0000 - 0x00007ff82fc11000 	C:\WINDOWS\System32\IMM32.DLL
0x00007ff828b30000 - 0x00007ff828b3c000 	C:\Program Files\Java\jdk-17\bin\vcruntime140_1.dll
0x00007ff8007e0000 - 0x00007ff80086e000 	C:\Program Files\Java\jdk-17\bin\msvcp140.dll
0x00007fffd7010000 - 0x00007fffd7bf0000 	C:\Program Files\Java\jdk-17\bin\server\jvm.dll
0x00007ff830310000 - 0x00007ff830318000 	C:\WINDOWS\System32\PSAPI.DLL
0x00007ff827650000 - 0x00007ff827684000 	C:\WINDOWS\SYSTEM32\WINMM.dll
0x00007ff80e120000 - 0x00007ff80e129000 	C:\WINDOWS\SYSTEM32\WSOCK32.dll
0x00007ff82edf0000 - 0x00007ff82ee61000 	C:\WINDOWS\System32\WS2_32.dll
0x00007ff82d000000 - 0x00007ff82d018000 	C:\WINDOWS\SYSTEM32\kernel.appcore.dll
0x00007ff828b10000 - 0x00007ff828b1a000 	C:\Program Files\Java\jdk-17\bin\jimage.dll
0x00007ff82b8a0000 - 0x00007ff82bad2000 	C:\WINDOWS\SYSTEM32\DBGHELP.DLL
0x00007ff82ea40000 - 0x00007ff82edce000 	C:\WINDOWS\System32\combase.dll
0x00007ff82fe90000 - 0x00007ff82ff67000 	C:\WINDOWS\System32\OLEAUT32.dll
0x00007ff81cac0000 - 0x00007ff81caf2000 	C:\WINDOWS\SYSTEM32\dbgcore.DLL
0x00007ff82e6c0000 - 0x00007ff82e73b000 	C:\WINDOWS\System32\bcryptPrimitives.dll
0x00007ff821db0000 - 0x00007ff821dd5000 	C:\Program Files\Java\jdk-17\bin\java.dll
0x00007ffff6f30000 - 0x00007ffff7007000 	C:\Program Files\Java\jdk-17\bin\jsvml.dll
0x00007ff82f370000 - 0x00007ff82fbd9000 	C:\WINDOWS\System32\SHELL32.dll
0x00007ff82be30000 - 0x00007ff82c72f000 	C:\WINDOWS\SYSTEM32\windows.storage.dll
0x00007ff82bcf0000 - 0x00007ff82be2f000 	C:\WINDOWS\SYSTEM32\wintypes.dll
0x00007ff82f170000 - 0x00007ff82f269000 	C:\WINDOWS\System32\SHCORE.dll
0x00007ff82fc20000 - 0x00007ff82fc7e000 	C:\WINDOWS\System32\shlwapi.dll
0x00007ff82de30000 - 0x00007ff82de57000 	C:\WINDOWS\SYSTEM32\profapi.dll
0x00007ff821e00000 - 0x00007ff821e19000 	C:\Program Files\Java\jdk-17\bin\net.dll
0x00007ff82b100000 - 0x00007ff82b236000 	C:\WINDOWS\SYSTEM32\WINHTTP.dll
0x00007ff82d460000 - 0x00007ff82d4c9000 	C:\WINDOWS\system32\mswsock.dll
0x00007ff821d90000 - 0x00007ff821da6000 	C:\Program Files\Java\jdk-17\bin\nio.dll
0x00007ff820650000 - 0x00007ff820668000 	C:\Program Files\Java\jdk-17\bin\zip.dll
0x00007ff824650000 - 0x00007ff82465a000 	C:\Program Files\Java\jdk-17\bin\management.dll
0x00007ff821be0000 - 0x00007ff821beb000 	C:\Program Files\Java\jdk-17\bin\management_ext.dll

dbghelp: loaded successfully - version: 4.0.5 - missing functions: none
symbol engine: initialized successfully - sym options: 0x614 - pdb path: .;C:\Program Files\Java\jdk-17\bin;C:\WINDOWS\SYSTEM32;C:\WINDOWS\WinSxS\amd64_microsoft.windows.common-controls_6595b64144ccf1df_6.0.22621.3672_none_2713b9d173822955;C:\Program Files\Java\jdk-17\bin\server

VM Arguments:
java_command: C:\Users\Thinkpad\AppData\Local\Temp\surefire5318493136930307391\surefirebooter-20241118015451363_3.jar C:\Users\Thinkpad\AppData\Local\Temp\surefire5318493136930307391 2024-11-18T01-54-51_026-jvmRun1 surefire-20241118015451363_1tmp surefire_0-20241118015451363_2tmp
java_class_path (initial): C:\Users\Thinkpad\AppData\Local\Temp\surefire5318493136930307391\surefirebooter-20241118015451363_3.jar
Launcher Type: SUN_STANDARD

[Global flags]
     intx CICompilerCount                          = 4                                         {product} {ergonomic}
     uint ConcGCThreads                            = 2                                         {product} {ergonomic}
     uint G1ConcRefinementThreads                  = 8                                         {product} {ergonomic}
   size_t G1HeapRegionSize                         = 2097152                                   {product} {ergonomic}
    uintx GCDrainStackTargetSize                   = 64                                        {product} {ergonomic}
   size_t InitialHeapSize                          = 266338304                                 {product} {ergonomic}
   size_t MarkStackSize                            = 4194304                                   {product} {ergonomic}
   size_t MaxHeapSize                              = 4253024256                                {product} {ergonomic}
   size_t MaxNewSize                               = 2550136832                                {product} {ergonomic}
   size_t MinHeapDeltaBytes                        = 2097152                                   {product} {ergonomic}
   size_t MinHeapSize                              = 8388608                                   {product} {ergonomic}
    uintx NonNMethodCodeHeapSize                   = 5839372                                {pd product} {ergonomic}
    uintx NonProfiledCodeHeapSize                  = 122909434                              {pd product} {ergonomic}
    uintx ProfiledCodeHeapSize                     = 122909434                              {pd product} {ergonomic}
    uintx ReservedCodeCacheSize                    = 251658240                              {pd product} {ergonomic}
     bool SegmentedCodeCache                       = true                                      {product} {ergonomic}
   size_t SoftMaxHeapSize                          = 4253024256                             {manageable} {ergonomic}
     bool UseCompressedClassPointers               = true                           {product lp64_product} {ergonomic}
     bool UseCompressedOops                        = true                           {product lp64_product} {ergonomic}
     bool UseG1GC                                  = true                                      {product} {ergonomic}
     bool UseLargePagesIndividualAllocation        = false                                  {pd product} {ergonomic}

Logging:
Log output configuration:
 #0: stdout all=warning uptime,level,tags
 #1: stderr all=off uptime,level,tags

Environment Variables:
JAVA_HOME=C:\Program Files\Java\jdk-17
PATH=C:\Program Files\Java\jdk-17\bin;C:\Python312\Scripts\;C:\Python312\;C:\Program Files (x86)\VMware\VMware Workstation\bin\;C:\WINDOWS\system32;C:\WINDOWS;C:\WINDOWS\System32\Wbem;C:\WINDOWS\System32\WindowsPowerShell\v1.0\;C:\WINDOWS\System32\OpenSSH\;C:\Program Files\Intel\WiFi\bin\;C:\Program Files\Common Files\Intel\WirelessCommon\;C:\Program Files\Git\cmd;C:\Program Files\Cloudflare\Cloudflare WARP\;C:\Program Files\MongoDB\Server\7.0\bin;C:\ProgramData\chocolatey\bin;D:\Compressed\apache-maven-3.8.8-bin\apache-maven-3.8.8\bin;C:\Program Files\Docker\Docker\resources\bin;C:\Program Files\nodejs\;C:\Users\Thinkpad\AppData\Local\Microsoft\WindowsApps;C:\Users\Thinkpad\AppData\Local\Programs\Microsoft VS Code\bin;C:\Users\Thinkpad\AppData\Local\GitHubDesktop\bin;C:\Program Files\Tesseract-OCR;C:\Program Files\CMake;C:\Users\Thinkpad\AppData\Roaming\npm
USERNAME=Thinkpad
OS=Windows_NT
PROCESSOR_IDENTIFIER=Intel64 Family 6 Model 142 Stepping 10, GenuineIntel



---------------  S Y S T E M  ---------------

OS:
 Windows 11 , 64 bit Build 22621 (10.0.22621.3958)
OS uptime: 25 days 13:05 hours
Hyper-V role detected

CPU: total 8 (initial active 8) (4 cores per cpu, 2 threads per core) family 6 model 142 stepping 10 microcode 0xe0, cx8, cmov, fxsr, ht, mmx, 3dnowpref, sse, sse2, sse3, ssse3, sse4.1, sse4.2, popcnt, lzcnt, tsc, tscinvbit, avx, avx2, aes, erms, clmul, bmi1, bmi2, rtm, adx, fma, vzeroupper, clflush, clflushopt, hv

Memory: 4k page, system-wide physical 16217M (393M free)
TotalPageFile size 34642M (AvailPageFile size 8M)
current process WorkingSet (physical memory assigned to process): 121M, peak: 126M
current process commit charge ("private bytes"): 392M, peak: 398M

vm_info: Java HotSpot(TM) 64-Bit Server VM (17.0.11+7-LTS-207) for windows-amd64 JRE (17.0.11+7-LTS-207), built on Mar 11 2024 19:01:50 by "mach5one" with MS VC++ 17.6 (VS2022)

END.
